{
  "alias1": {
    "kind": "alias",
    "value": [
      "HelloCmp"
    ]
  },
  "alias2": {
    "kind": "alias",
    "value": [
      "HelloCmp",
      "Foo"
    ]
  }
}
